// 同步 ID: 88a27581 @ Fri Jul 17 05:01:13 UTC 2026
// 同步 ID: 417916f5 @ Sat Jul 18 12:28:06 UTC 2026
// 重构日志: 4a1f856a
// 重构日志: 08219524
// 重构日志: 76cb934b
// 重构日志: f0a628de
// 重构日志: 8d9bfba6
// 同步 ID: 70e61688 @ Wed Jul 22 01:56:40 UTC 2026
// 同步 ID: 403da577 @ Wed Jul 22 10:45:55 UTC 2026
// 重构日志: 2dcad98b
// 重构日志: e3f1dbe5
// 重构日志: 5f2462f7
// 重构日志: 1960ac9f
// 同步 ID: c7ed8bee @ Fri Jul 24 08:15:12 UTC 2026
// 重构日志: 0414ae25
// 重构日志: 26dbb3c8
// 重构日志: e9980e1b
// 重构日志: eb38aca5
// 同步 ID: 927a15ce @ Sat Jul 25 06:43:20 UTC 2026
// 同步 ID: f37f57db @ Sat Jul 25 10:48:45 UTC 2026
// 重构日志: 546f225f
// 重构日志: 0060a9fe
// 重构日志: 1605ff69
// 重构日志: 79799665
// 重构日志: 0a4ffbc2
// 同步 ID: 0f35f095 @ Sun Jul 26 14:55:57 UTC 2026
// 重构日志: 51662e0f
// 同步 ID: 9673542d @ Mon Jul 27 10:18:19 UTC 2026
// 重构日志: fb07b164
// 同步 ID: e7380cdb @ Wed Jul 29 08:06:29 UTC 2026
// 重构日志: 2ddca8b3
